// Jest Snapshot v1, https://goo.gl/fbAQLP

exports[`Popup menu renders popup menu 1`] = `
<div
  className="popupmenu mx-popup-menu"
  onClick={[Function]}
>
  <div
    className="popupmenu-trigger"
  >
    <button>
      Trigger
    </button>
  </div>
  <Menu
    advancedMode={false}
    anchorElement={null}
    basicItems={
      Array [
        Object {
          "caption": Object {
            "status": "available",
            "value": "Caption",
          },
          "itemType": "item",
          "styleClass": "defaultStyle",
        },
        Object {
          "caption": Object {
            "status": "available",
            "value": "Caption",
          },
          "itemType": "divider",
          "styleClass": "defaultStyle",
        },
      ]
    }
    class="mx-popup-menu"
    customItems={
      Array [
        Object {
          "content": <div />,
        },
      ]
    }
    menuToggle={false}
    menuTrigger={
      <button>
        Trigger
      </button>
    }
    name="popup-menu"
    position="bottom"
    setVisibility={[Function]}
    tabIndex={-1}
    trigger="onclick"
    visibility={false}
  />
</div>
`;
